[themesdesign.in/zoric-react/layout/index-1.html]
[backblue.gif]
[fade.gif]
[index.html]
[themesdesign.in/zoric-react/layout/images/favicon.ico]
[themesdesign.in/zoric-react/layout/css/bootstrap.min.css]
[themesdesign.in/zoric-react/layout/css/materialdesignicons.min.css]
[themesdesign.in/zoric-react/layout/css/glightbox.min.css]
[themesdesign.in/zoric-react/layout/css/style.min.css]
[themesdesign.in/zoric-react/layout/images/logo-light.png]
[themesdesign.in/zoric-react/layout/images/logo-dark.png]
[themesdesign.in/zoric-react/layout/images/home/home6-1.png]
[themesdesign.in/zoric-react/layout/images/feature/img-01.png]
[themesdesign.in/zoric-react/layout/images/feature/img-02.png]
[themesdesign.in/zoric-react/layout/images/feature/img-03.png]
[themesdesign.in/zoric-react/layout/images/feature/img-04.png]
[themesdesign.in/zoric-react/layout/images/feature/img-05.png]
[themesdesign.in/zoric-react/layout/images/feature/img-06.png]
[themesdesign.in/zoric-react/layout/images/about.jpg]
[themesdesign.in/zoric-react/layout/images/achivements.jpg]
[themesdesign.in/zoric-react/layout/images/users/img-5.jpg]
[themesdesign.in/zoric-react/layout/images/users/img-6.jpg]
[themesdesign.in/zoric-react/layout/images/users/img-7.jpg]
[themesdesign.in/zoric-react/layout/images/users/img-2.jpg]
[themesdesign.in/zoric-react/layout/images/users/img-1.jpg]
[themesdesign.in/zoric-react/layout/images/users/img-3.jpg]
[themesdesign.in/zoric-react/layout/images/users/img-4.jpg]
[themesdesign.in/zoric-react/layout/images/portfolio/img-1.jpg]
[themesdesign.in/zoric-react/layout/images/portfolio/img-2.jpg]
[themesdesign.in/zoric-react/layout/images/portfolio/img-3.jpg]
[themesdesign.in/zoric-react/layout/images/portfolio/img-4.jpg]
[themesdesign.in/zoric-react/layout/images/portfolio/img-5.jpg]
[themesdesign.in/zoric-react/layout/images/portfolio/img-6.jpg]
[themesdesign.in/zoric-react/layout/images/portfolio/img-7.jpg]
[themesdesign.in/zoric-react/layout/images/portfolio/img-8.jpg]
[themesdesign.in/zoric-react/layout/images/blog/img-1.jpg]
[themesdesign.in/zoric-react/layout/images/blog/img-2.jpg]
[themesdesign.in/zoric-react/layout/images/blog/img-3.jpg]
[themesdesign.in/zoric-react/layout/js/bootstrap.bundle.min.js]
[themesdesign.in/zoric-react/layout/js/glightbox.min.js]
[themesdesign.in/zoric-react/layout/js/shuffle.min.js]
[themesdesign.in/zoric-react/layout/js/gallery.init.js]
[themesdesign.in/zoric-react/layout/js/app.js]
[themesdesign.in/zoric-react/layout/index-1.html]
[themesdesign.in/zoric-react/layout/css/bootstrap.min.css]
[themesdesign.in/zoric-react/layout/fonts/materialdesignicons-webfont3e71.eot]
[themesdesign.in/zoric-react/layout/fonts/materialdesignicons-webfontd41d.eot]
[themesdesign.in/zoric-react/layout/fonts/materialdesignicons-webfont3e71.woff]
[themesdesign.in/zoric-react/layout/fonts/materialdesignicons-webfont3e71.ttf]
[themesdesign.in/zoric-react/layout/css/materialdesignicons.min.css]
[themesdesign.in/zoric-react/layout/css/glightbox.min.css]
[themesdesign.in/zoric-react/layout/images/home/bg-home1-1.jpg]
[themesdesign.in/zoric-react/layout/images/bg-cta.png]
[themesdesign.in/zoric-react/layout/css/style.min.css]
[themesdesign.in/zoric-react/layout/fonts/materialdesignicons-webfont3e71.html]
[themesdesign.in/zoric-react/layout/images/bg-1.html]
